h Not Found. Try with @insensitive or @i.
